$ git init -->

$ git add /path/location/file.txt

$ git add .                   --> current location

$ git 

$ git remote add origin https://github.com/Harishpuchakayala/DemoRepo.git

$ git push origin master

$ git pull --rebase origin master

$ git pull https://github.com/Harishpuchakayala/Newrepo.git




harish@HAREESH MINGW64 /e/GIT_LAB/Demo_lab
$ vim git_commands


$ git init
Initialized empty Git repository in E:/GIT_LAB/Demo_lab/.git/

harish@HAREESH MINGW64 /e/GIT_LAB/Demo_lab (master)
$ ls -ltra
total 1
drwxr-xr-x 1 harish 197121  0 Jul 11 15:12 ../
-rw-r--r-- 1 harish 197121 28 Jul 11 15:12 git_commands
drwxr-xr-x 1 harish 197121  0 Jul 11 15:13 ./
drwxr-xr-x 1 harish 197121  0 Jul 11 15:13 .git/

harish@HAREESH MINGW64 /e/GIT_LAB/Demo_lab (master)
$ git status
On branch master

No commits yet

Untracked files:
  (use "git add <file>..." to include in what will be committed)
        git_commands

nothing added to commit but untracked files present (use "git add" to track)

harish@HAREESH MINGW64 /e/GIT_LAB/Demo_lab (master)
$ git add .
warning: in the working copy of 'git_commands', LF will be replaced by CRLF the next time Git touches it

harish@HAREESH MINGW64 /e/GIT_LAB/Demo_lab (master)
$ git status
On branch master

No commits yet

Changes to be committed:
  (use "git rm --cached <file>..." to unstage)
        new file:   git_commands


harish@HAREESH MINGW64 /e/GIT_LAB/Demo_lab (master)
$ git commit -m "git_lab"
[master (root-commit) 37a430f] git_lab
 1 file changed, 5 insertions(+)
 create mode 100644 git_commands

harish@HAREESH MINGW64 /e/GIT_LAB/Demo_lab (master)
$ mv git_commands git_commands.txt

harish@HAREESH MINGW64 /e/GIT_LAB/Demo_lab (master)
$ git status
On branch master
Changes not staged for commit:
  (use "git add/rm <file>..." to update what will be committed)
  (use "git restore <file>..." to discard changes in working directory)
        deleted:    git_commands

Untracked files:
  (use "git add <file>..." to include in what will be committed)
        git_commands.txt

no changes added to commit (use "git add" and/or "git commit -a")

harish@HAREESH MINGW64 /e/GIT_LAB/Demo_lab (master)
$ git add .
warning: in the working copy of 'git_commands.txt', LF will be replaced by CRLF the next time Git touches it

harish@HAREESH MINGW64 /e/GIT_LAB/Demo_lab (master)
$ git status
On branch master
Changes to be committed:
  (use "git restore --staged <file>..." to unstage)
        renamed:    git_commands -> git_commands.txt


harish@HAREESH MINGW64 /e/GIT_LAB/Demo_lab (master)
$ git commit -m "renamed"
[master c1ed11d] renamed
 1 file changed, 0 insertions(+), 0 deletions(-)
 rename git_commands => git_commands.txt (100%)

harish@HAREESH MINGW64 /e/GIT_LAB/Demo_lab (master)
$

harish@HAREESH MINGW64 /e/GIT_LAB/Demo_lab (master)
$ ls -ltr
total 1
-rw-r--r-- 1 harish 197121 28 Jul 11 15:12 git_commands.txt

harish@HAREESH MINGW64 /e/GIT_LAB/Demo_lab (master)
$ git remote add origin https://github.com/Harishpuchakayala/DemoRepo.git

harish@HAREESH MINGW64 /e/GIT_LAB/Demo_lab (master)
$ git push origin master
To https://github.com/Harishpuchakayala/DemoRepo.git
 ! [rejected]        master -> master (fetch first)
error: failed to push some refs to 'https://github.com/Harishpuchakayala/DemoRepo.git'
hint: Updates were rejected because the remote contains work that you do not
hint: have locally. This is usually caused by another repository pushing to
hint: the same ref. If you want to integrate the remote changes, use
hint: 'git pull' before pushing again.
hint: See the 'Note about fast-forwards' in 'git push --help' for details.

harish@HAREESH MINGW64 /e/GIT_LAB/Demo_lab (master)
$ git pull https://github.com/Harishpuchakayala/DemoRepo.git
remote: Enumerating objects: 12, done.
remote: Counting objects: 100% (12/12), done.
remote: Compressing objects: 100% (7/7), done.
remote: Total 12 (delta 1), reused 7 (delta 1), pack-reused 0
Unpacking objects: 100% (12/12), 2.33 KiB | 36.00 KiB/s, done.
From https://github.com/Harishpuchakayala/DemoRepo
 * branch            HEAD       -> FETCH_HEAD
fatal: refusing to merge unrelated histories

harish@HAREESH MINGW64 /e/GIT_LAB/Demo_lab (master)
$ ls -ltr
total 1
-rw-r--r-- 1 harish 197121 28 Jul 11 15:12 git_commands.txt

harish@HAREESH MINGW64 /e/GIT_LAB/Demo_lab (master)
$ pwd
/e/GIT_LAB/Demo_lab

harish@HAREESH MINGW64 /e/GIT_LAB/Demo_lab (master)
$ ls -ltr
total 1
-rw-r--r-- 1 harish 197121 28 Jul 11 15:12 git_commands.txt

harish@HAREESH MINGW64 /e/GIT_LAB/Demo_lab (master)
$ git status
On branch master
nothing to commit, working tree clean

harish@HAREESH MINGW64 /e/GIT_LAB/Demo_lab (master)
$ git remote add origin https://github.com/Harishpuchakayala/Newrepo.git
error: remote origin already exists.

harish@HAREESH MINGW64 /e/GIT_LAB/Demo_lab (master)
$ pwd
/e/GIT_LAB/Demo_lab

harish@HAREESH MINGW64 /e/GIT_LAB/Demo_lab (master)
$ ls -ltr
total 1
-rw-r--r-- 1 harish 197121 28 Jul 11 15:12 git_commands.txt

harish@HAREESH MINGW64 /e/GIT_LAB/Demo_lab (master)
$ git push -u origin main
error: src refspec main does not match any
error: failed to push some refs to 'https://github.com/Harishpuchakayala/DemoRepo.git'

harish@HAREESH MINGW64 /e/GIT_LAB/Demo_lab (master)
$ git checkout  HEAD

harish@HAREESH MINGW64 /e/GIT_LAB/Demo_lab (master)
$ ls -ltr
total 1
-rw-r--r-- 1 harish 197121 28 Jul 11 15:12 git_commands.txt

harish@HAREESH MINGW64 /e/GIT_LAB/Demo_lab (master)
$ git status
On branch master
nothing to commit, working tree clean

harish@HAREESH MINGW64 /e/GIT_LAB/Demo_lab (master)
$ git pull https://github.com/Harishpuchakayala/Newrepo.git
fatal: couldn't find remote ref HEAD

harish@HAREESH MINGW64 /e/GIT_LAB/Demo_lab (master)
$ git checkout master
Already on 'master'

harish@HAREESH MINGW64 /e/GIT_LAB/Demo_lab (master)
$ git push origin master
To https://github.com/Harishpuchakayala/DemoRepo.git
 ! [rejected]        master -> master (non-fast-forward)
error: failed to push some refs to 'https://github.com/Harishpuchakayala/DemoRepo.git'
hint: Updates were rejected because the tip of your current branch is behind
hint: its remote counterpart. If you want to integrate the remote changes,
hint: use 'git pull' before pushing again.
hint: See the 'Note about fast-forwards' in 'git push --help' for details.

harish@HAREESH MINGW64 /e/GIT_LAB/Demo_lab (master)
$ git pull --rebase origin main
fatal: couldn't find remote ref main

harish@HAREESH MINGW64 /e/GIT_LAB/Demo_lab (master)
$ git pull --rebase origin master
From https://github.com/Harishpuchakayala/DemoRepo
 * branch            master     -> FETCH_HEAD
 * [new branch]      master     -> origin/master
Successfully rebased and updated refs/heads/master.

harish@HAREESH MINGW64 /e/GIT_LAB/Demo_lab (master)
$ git push origin master
Enumerating objects: 6, done.
Counting objects: 100% (6/6), done.
Delta compression using up to 12 threads
Compressing objects: 100% (4/4), done.
Writing objects: 100% (5/5), 556 bytes | 556.00 KiB/s, done.
Total 5 (delta 1), reused 0 (delta 0), pack-reused 0 (from 0)
remote: Resolving deltas: 100% (1/1), done.
To https://github.com/Harishpuchakayala/DemoRepo.git
   ab20607..e263b70  master -> master

harish@HAREESH MINGW64 /e/GIT_LAB/Demo_lab (master)
$ ls -ltr
total 4
-rw-r--r-- 1 harish 197121 65 Jul 11 15:28 testone.txt
-rw-r--r-- 1 harish 197121 14 Jul 11 15:28 test.txt
-rw-r--r-- 1 harish 197121 48 Jul 11 15:28 tedstteo.txt
-rw-r--r-- 1 harish 197121 33 Jul 11 15:28 git_commands.txt

